[     173ms] [ERROR] Failed to load resource: the server responded with a status of 404 (Not Found) @ http://www.nowycpr.pl/services:0
[  124612ms] [ERROR] Error: Minified React error #426; visit https://reactjs.org/docs/error-decoder.html?invariant=426 for the full message or use the non-minified dev environment for full errors and additional helpful warnings.
    at Td (http://www.nowycpr.pl/assets/vendor-72be9d21.js:40:38587)
    at Co (http://www.nowycpr.pl/assets/vendor-72be9d21.js:40:39486)
    at Tu (http://www.nowycpr.pl/assets/vendor-72be9d21.js:40:35849)
    at Ks (http://www.nowycpr.pl/assets/vendor-72be9d21.js:40:36651)
    at on (http://www.nowycpr.pl/assets/vendor-72be9d21.js:38:3265)
    at http://www.nowycpr.pl/assets/vendor-72be9d21.js:40:34186 @ http://www.nowycpr.pl/assets/vendor-72be9d21.js:39
[  124616ms] [ERROR] React Router caught the following error during render Error: Minified React error #426; visit https://reactjs.org/docs/error-decoder.html?invariant=426 for the full message or use the non-minified dev environment for full errors and additional helpful warnings.
    at Td (http://www.nowycpr.pl/assets/vendor-72be9d21.js:40:38587)
    at Co (http://www.nowycpr.pl/assets/vendor-72be9d21.js:40:39486)
    at Tu (http://www.nowycpr.pl/assets/vendor-72be9d21.js:40:35849)
    at Ks (http://www.nowycpr.pl/assets/vendor-72be9d21.js:40:36651)
    at on (http://www.nowycpr.pl/assets/vendor-72be9d21.js:38:3265)
    at http://www.nowycpr.pl/assets/vendor-72be9d21.js:40:34186 {componentStack: 
    at Bv (http://www.nowycpr.pl/assets/vendor-72…ycpr.pl/assets/index-b4ab53be.js:1:5567)
    at U} @ http://www.nowycpr.pl/assets/vendor-72be9d21.js:58
[  127831ms] [ERROR] Failed to load resource: the server responded with a status of 404 (Not Found) @ http://www.nowycpr.pl/documents:0
[  133316ms] [ERROR] Error: Minified React error #426; visit https://reactjs.org/docs/error-decoder.html?invariant=426 for the full message or use the non-minified dev environment for full errors and additional helpful warnings.
    at Td (http://www.nowycpr.pl/assets/vendor-72be9d21.js:40:38587)
    at Co (http://www.nowycpr.pl/assets/vendor-72be9d21.js:40:39486)
    at Tu (http://www.nowycpr.pl/assets/vendor-72be9d21.js:40:35849)
    at Ks (http://www.nowycpr.pl/assets/vendor-72be9d21.js:40:36651)
    at on (http://www.nowycpr.pl/assets/vendor-72be9d21.js:38:3265)
    at http://www.nowycpr.pl/assets/vendor-72be9d21.js:40:34186 @ http://www.nowycpr.pl/assets/vendor-72be9d21.js:39
[  133317ms] [ERROR] React Router caught the following error during render Error: Minified React error #426; visit https://reactjs.org/docs/error-decoder.html?invariant=426 for the full message or use the non-minified dev environment for full errors and additional helpful warnings.
    at Td (http://www.nowycpr.pl/assets/vendor-72be9d21.js:40:38587)
    at Co (http://www.nowycpr.pl/assets/vendor-72be9d21.js:40:39486)
    at Tu (http://www.nowycpr.pl/assets/vendor-72be9d21.js:40:35849)
    at Ks (http://www.nowycpr.pl/assets/vendor-72be9d21.js:40:36651)
    at on (http://www.nowycpr.pl/assets/vendor-72be9d21.js:38:3265)
    at http://www.nowycpr.pl/assets/vendor-72be9d21.js:40:34186 {componentStack: 
    at Bv (http://www.nowycpr.pl/assets/vendor-72…ycpr.pl/assets/index-b4ab53be.js:1:5567)
    at U} @ http://www.nowycpr.pl/assets/vendor-72be9d21.js:58
[  135116ms] [ERROR] Failed to load resource: the server responded with a status of 404 (Not Found) @ http://www.nowycpr.pl/blog:0
